// Jest Snapshot v1, https://goo.gl/fbAQLP

exports[`dynamic-form should render correct 1`] = `
<div class="dynamic-form">
  <h1>component-jsx</h1>
  <p>new form</p>
</div>
`;
